// Vitest Snapshot v1, https://vitest.dev/guide/snapshot.html

exports[`Post card Component > created post render correctly 1`] = `
"<div title="Test Post" body="test body post...">
  <!--v-if-->
  <p data-testid="loader">Loading...</p>
  <!--v-if-->
</div>"
`;
